식: 2 + 3 * 4
   # | stack                        | input          | relation | action
   1 | $                            | 2 + 3 * 4 $    | $ < num | 이동 num
   2 | $ num                        | + 3 * 4 $      | num > + | 축약 E -> num
   3 | $ E                          | + 3 * 4 $      | $ < +   | 이동 +
   4 | $ E +                        | 3 * 4 $        | + < num | 이동 num
   5 | $ E + num                    | * 4 $          | num > * | 축약 E -> num
   6 | $ E + E                      | * 4 $          | + < *   | 이동 *
   7 | $ E + E *                    | 4 $            | * < num | 이동 num
   8 | $ E + E * num                | $              | num > $ | 축약 E -> num
   9 | $ E + E * E                  | $              | * > $   | 축약 E -> E * E
  10 | $ E + E                      | $              | + > $   | 축약 E -> E + E
  11 | $ E                          | $              | -       | 수락
  값: 14
----
모두 정상 처리
