식: 1 + 2 * 3
  AST: (+ 1 (* 2 3))
  값: 7
식: (1 + 2) * 3
  AST: (* (+ 1 2) 3)
  값: 9
식: 2 * 3 + 4 * 5
  AST: (+ (* 2 3) (* 4 5))
  값: 26
식: 10 - 3 - 2
  AST: (- (- 10 3) 2)
  값: 5
식: 100 / 5 / 2
  AST: (/ (/ 100 5) 2)
  값: 10
식: -5 + 3
  AST: (+ (- 5) 3)
  값: -2
식: -(2 + 3) * 4
  AST: (* (- (+ 2 3)) 4)
  값: -20
식: 42
  AST: 42
  값: 42
----
모두 정상 처리
