식: 1 +
  오류 4열 | 기대: 수 또는 '(' | 실제: 입력 끝 | 문맥: factor
식: (1 + 2
  오류 7열 | 기대: ')' | 실제: 입력 끝 | 문맥: 괄호식
식: 1 + * 2
  오류 5열 | 기대: 수 또는 '(' | 실제: '*' | 문맥: factor
식: 1 @ 2
  오류 3열 | 기대: 입력 끝 | 실제: 잘못된 문자 | 문맥: 식 전체
식: ) 1
  오류 1열 | 기대: 수 또는 '(' | 실제: ')' | 문맥: factor
식: 1 / 0
  AST: (/ 1 0)
  오류: 0으로 나눌 수 없다
----
실패 6건
