3행: 'a' 는 이미 1행에서 선언되었다
10행: 구문 오류 — syntax error
=== 심볼 테이블 ===
  a            int    (1행 선언)
  b            int    (1행 선언)
  f            float  (2행 선언)
6행: 선언되지 않은 변수 'c' 에 대입
7행: int 변수 'b' 에 float 값을 대입한다 (암묵적 축소는 허용하지 않는다)
8행: % 연산자는 int 에만 쓸 수 있다 (int % float)
=== 3-주소 코드 ===
  (오류가 있어 생성하지 않았다)
----
오류 5건
