   1  KEYWORD    int
   1  ID         main
   1  PUNCT      (
   1  KEYWORD    void
   1  PUNCT      )
   1  PUNCT      {
   2  KEYWORD    float
   2  ID         rate
   2  ASSIGN     =
   2  FLOAT      3.14e-2
   2  PUNCT      ;
   3  KEYWORD    int
   3  ID         count
   3  ASSIGN     =
   3  HEX        0xFF
   3  PUNCT      ;
   4  KEYWORD    char
   4  ID         c
   4  ASSIGN     =
   4  CHAR       'A'
   4  PUNCT      ;
   7  KEYWORD    while
   7  PUNCT      (
   7  ID         count
   7  RELOP      >=
   7  INT        0
   7  LOGOP      &&
   7  ID         rate
   7  RELOP      !=
   7  FLOAT      0.0
   7  PUNCT      )
   7  PUNCT      {
   8  ID         count
   8  ASSIGNOP   -=
   8  INT        1
   8  PUNCT      ;
   9  ID         printf
   9  PUNCT      (
   9  STRING     "count=%d\n"
   9  PUNCT      ,
   9  ID         count
   9  PUNCT      )
   9  PUNCT      ;
  10  PUNCT      }
  11  KEYWORD    return
  11  INT        0
  11  PUNCT      ;
  12  PUNCT      }
----
토큰 48개, 오류 0개
