   1  ID         a
   1  RELOP      ==
   1  ID         b
   2  ID         a
   2  ASSIGN     =
   2  ASSIGN     =
   2  ID         b
   3  ID         i
   3  INCDEC     ++
   3  ARITHOP    +
   3  INCDEC     ++
   3  ID         j
   4  ID         x
   4  RELOP      <=
   4  ID         y
   4  RELOP      <
   4  ID         z
----
토큰 17개, 오류 0개
