식: 2 + 3 * 4
   # | stack                        | input          | action
   1 | 0                            | 2 + 3 * 4 $    | 이동 s5
   2 | 0 num 5                      | + 3 * 4 $      | 축약 r6 : F  -> num
   3 | 0 F 3                        | + 3 * 4 $      | 축약 r4 : T  -> F
   4 | 0 T 2                        | + 3 * 4 $      | 축약 r2 : E  -> T
   5 | 0 E 1                        | + 3 * 4 $      | 이동 s6
   6 | 0 E 1 + 6                    | 3 * 4 $        | 이동 s5
   7 | 0 E 1 + 6 num 5              | * 4 $          | 축약 r6 : F  -> num
   8 | 0 E 1 + 6 F 3                | * 4 $          | 축약 r4 : T  -> F
   9 | 0 E 1 + 6 T 9                | * 4 $          | 이동 s7
  10 | 0 E 1 + 6 T 9 * 7            | 4 $            | 이동 s5
  11 | 0 E 1 + 6 T 9 * 7 num 5      | $              | 축약 r6 : F  -> num
  12 | 0 E 1 + 6 T 9 * 7 F 10       | $              | 축약 r3 : T  -> T * F
  13 | 0 E 1 + 6 T 9                | $              | 축약 r1 : E  -> E + T
  14 | 0 E 1                        | $              | 수락
  값: 14
  축약을 역순으로 읽으면 우측 유도: r1 -> r3 -> r6 -> r4 -> r6 -> r2 -> r4 -> r6
----
모두 정상 처리
